// Jest Snapshot v1, https://goo.gl/fbAQLP

exports[`Star component renders correctly Selected Star renders correctly 1`] = `
<div
  className="star"
/>
`;
