// Jest Snapshot v1, https://goo.gl/fbAQLP

exports[`Body scroll lock work correctly Set overflow to hidden 1`] = `
<h1>
  Hello
</h1>
`;
